I'm sorry, but errors were detected in your script. Please correct the
errors listed below, and try again.


File "game/script.rpy", line 482: Indentation mismatch.

Ren'Py Version: Ren'Py 8.0.3.22090809
Sat Feb  4 14:03:56 2023
